0.019256873252250672
0.023255118788604312
0.018029699122468212
m = -0.956 (+0.087 / -0.094)
b = 4.374 (+0.462 / -0.425)
f = 0.628 (+0.112 / -0.082)

